Wasteland (medium)
  This theater has one
airstrip surrounded by
enemy forces.  The
setting is a reddish
wasteland that used
to be Virginia before
the aliens arrived.





------------------------------------------------------------------------
----------------- Welcome to RDU ^international Airport ----------------
------------------------------------------------------------------------

Mission:      Cuckoo's Nest
Direction:    North
Distance:     15 mi
Difficulty:   4
Sxyth 2087764 -99437 103308 -4000
------------------------------------------------------------------------

  Use your bombs to destroy a mindbender 15 miles north of the airstrip.
The bender is protected by forcefield walls and some AA.  Be careful on
your way out to the mission, there are some scattered enemy forces.
Engage these if you wish, but your mission objective is the mindbender.

------------------------------------------------------------------------



Mission:      Hanging Fruit
Direction:    East
Distance:     13 mi
Difficulty:   4
Sxyth 596795 -2206453 300000 -32768
------------------------------------------------------------------------

 At 15,000 feet, a generator orb is providing the power for several 
KLA and AA sites.  Take out the orb, but keep an eye out for enemy
defenses.  Remember that your plane will not handle as well at higher
altitudes.  Intelligence reports topnotch AA mounted precariously above
the orb's inverted platform.
 Take out the generator and get out of there, or else be ready to mix
it up with the KLA.  Taking out the remaining KLA sites is optional.
Don't forget to use your emergency rocket booster to rocket home if you
need to outrun some enemy deathballs!

------------------------------------------------------------------------



Mission:      The Golden Path
Direction:    South
Distance:     9 mi
Difficulty:   4
Sxyth -1998440 -60304 62037 -27000
------------------------------------------------------------------------

  To the south lies a fuel dump facility arrange in a line.  This setup
is just begging for an air attack!  Blow all those fuel tanks to 
kingdom come.

------------------------------------------------------------------------






Mission:      The Halls of Malevolence
Direction:    West
Distance:     12 mi
Difficulty:   5
Sxyth 176300 1428960 185161 19000
------------------------------------------------------------------------

  The aliens have quite a nice setup out to the west of our postion.
The orders from the brass are to go out there and help them redecorate.
Take out the orb to bring the walls down, then get the heck out of
there if the defenses are still up.
  It is a long haul back to the airstrip from there, so you might want
to stick around and take out those topnotch KLA sites which will
popup during your attack.  Otherwise you may be playing tag with ace
deathballs all the way home.

------------------------------------------------------------------------





