X 7000 375 12 -48 6000 0 6000
Arrakis  (medium)
  The experimental test aircraft
is being given a chance at some
real missions.  Try your hand at
high-speed combat on this dried-up
desert world.





------------------------------------------------------------------------
----------------- Welcome to RDU ^international Airport ----------------
------------------------------------------------------------------------

 Mission Code Name : Curveball
 Direction         : North
 Distance          : 30 miles  
 Difficulty        : 4

Sxyth 4087739 -512828 54918 9758
------------------------------------------------------------------------
  Far to the north of here there is a stronghold with a generator orb.
We have been unable to touch this site before due to the intense KLA and
AAA activity.
  We now put all our hopes in the new experimental aircraft.  With its
great speed the KLA's and AAA hopefully can be outrun.
------------------------------------------------------------------------




 Mission Code Name : Willy Wonka's Saucer Factory
 Direction         : West
 Distance          : 10 miles  
 Difficulty        : 5

Sxyth -305686 1343880 109100 12082
------------------------------------------------------------------------
  To the west is a large saucer making facility.  Take out these sites
and clean up the runaway saucers.   
------------------------------------------------------------------------




 Mission Code Name : Romper Room
 Direction         : East North East
 Distance          : 8 miles  
 Difficulty        : 2

Sxyth -585670 -1425877 123595 56584
------------------------------------------------------------------------
  Floods of reports of mental disturbances lead our intelligence team
to look for a mindbender in the area.  Sure enough, a new alien base has
popped up to the East of here.
  Drop a bomb on that mindbender to free our forces from that hideous
mental attack.
------------------------------------------------------------------------





 Mission Code Name : Guinea Pig
 Direction         : South East
 Distance          : 14 miles  
 Difficulty        : 6

Sxyth -2381728 -1967742 70116 47616
------------------------------------------------------------------------
  We haven't been able to ascertain the effect of portals on the
experimental fighter yet.   We need you to fly through two of the four
portals at the alien base to the southeast of here.
  Also, take out all that tofu at the site as a secondary objective.
------------------------------------------------------------------------









 Mission Code Name : Sommerset
 Direction         : South
 Distance          : 14 miles  
 Difficulty        : 6

Sxyth -2127424 241832 302741 39240
------------------------------------------------------------------------
  By now you should be able to land this feisty aircraft pretty well.
Although your plane isn't ideal for this mission, it's all we've got.
Go South to the suspended airstrip at 15,000 feet.  Land and get the 
secret info from the spy there, and bring it back to us.
------------------------------------------------------------------------












