X -4000 80 15 -16 6000 0 20000
Iceworld ( Hard )
  This theater is a winter world.  The 
aliens on this planet use force fields 
abundantly.  Some of the toughest 
missions to date are in this theater.
  The gravity is very weak, and the
atmosphere extends a long way up.

------------------------------------------------------------------------
------------------- Welcome to Henderson Field -------------------------
------------------------------------------------------------------------
 Mission Code Name : Bat Cave
 Direction         : East South East
 Distance          : 20 miles  
 Difficulty        : 6
Sxyth -5587737 -5805488 177354 45788
------------------------------------------------------------------------
  To the East lays a force field tunnel with orbs.  Two of the orbs
contain a think tank for the enemy's top military brass.  Take out the
orbs, and all the fuel dumps.  This mission requires precision flying
to thread the tunnel.
------------------------------------------------------------------------






 Mission Code Name : Trapdoor
 Direction         : North West
 Distance          : 20 miles  
 Difficulty        : 4
Sxyth -4091000 -2728000 274500 8400
------------------------------------------------------------------------
  There is an airfield 20 miles Northwest of here at 10000 ft.  There
is a generator orb there which is only accessible on foot.  Hop up there
and blow up the orb.
  Use caution when landing.  It is advisable to land your plane while
flying the plane in a northerly direction.
------------------------------------------------------------------------





 Mission Code Name : Bats in the attic
 Direction         : South South West
 Distance          : 20 miles  
 Difficulty        : 3
Sxyth -6448710 -4087196 237954 29104
------------------------------------------------------------------------
  The largest TRFRU spy station found to date is located 20 miles south
of this location.  Your mission is to take out all the tets.
------------------------------------------------------------------------







 Mission Code Name : Pot o' Gold
 Direction         : Unknown
 Distance          : Unknown
 Difficulty        : 2
------------------------------------------------------------------------
  Our instruments have detected four new generator orbs in the area, but
at the moment, our directional equipment has been damaged by
electromagnetic beams coming from the spy sky station.  Your job is to
seek out these orbs and destroy them.
------------------------------------------------------------------------





------------------------------------------------------------------------
------------ Welcome to Dulles International Airport -------------------
------------------------------------------------------------------------


 Mission Code Name : Hornet's Nest
 Direction         : South East
 Distance          : 10 miles  
 Difficulty        : 5
Sxyth -993747 -5855548 152585 40230
------------------------------------------------------------------------
  There are a number of portals distributed around a vertical stack
of generators.  These appear to be a new type, and their function is
unknown to us.  Go out there and fly through all the green portals.
  There are KLA sites a aplenty, so watch your tail.  There are two
non-green portals at the bottom of the stack which you may find useful
in case of emergency.
------------------------------------------------------------------------


 Direction         : North East
 Distance          : 20 miles  
 Difficulty        : 6
Sxyth 944854 -5767623 183171 56322
------------------------------------------------------------------------
  A field of ticks, tets, and metamorphs lies to the Southeast of here.
It is guarded by intense AAA.  Go in and try to stay under the cover of
the forcefields as you pick off the enemies resources.  Beware of the
pull of the generator orb.   Although the orb is open to attack, you
may want to leave the force fields up, as those 8 AAA sites will chew
you up like a lump of Skoal.
------------------------------------------------------------------------

------------------------------------------------------------------------
-------------------- Welcome to Bubba's Airstrip -----------------------
------------------------------------------------------------------------

 Mission Code Name : High Treason
 Direction         : Up
 Distance          : 3.6 miles  
 Difficulty        : 4
------------------------------------------------------------------------
  Up above our airstrip is another airstrip at about 20000 feet.  Go
up there and take out the mindbender and generator orb.  Don't try to
fight any deathballs up there, as you plane cannot maneuver worth a
bean at 20000 feet.
  Your assassin bomb is a highly sophisticated device, which shapes the
blast so as not to harm its user.  Therefore where you stand during
detonation is very important, especially at 20000 ft.  If the bomb does
not appear to work, try again, but stand in a different place.  Don't
be afraid to jump up and plant the bomb above or inside the mindbender.
------------------------------------------------------------------------





------------------------------------------------------------------------
------------------ Welcome to the Weedsport Airport --------------------
------------------------------------------------------------------------


 Mission Code Name : Pinpoint Challenge
 Direction         : Up
 Distance          : 3.31 miles  
 Difficulty        : 4
------------------------------------------------------------------------
  The enemy has placed mindbenders near this airfield, and they must be
destroyed before everyone has to evacuated due to mental stress.  The
problem is that the aliens have located the benders directly over the
airfield.  Since the benders can only be taken out by bombs, you'll have
to bomb them from the air.  Don't let any bombs hit our buildings, or
you will be in deep trouble.
------------------------------------------------------------------------





 Mission Code Name : Speed Racer
 Direction         : South West
 Distance          : 25 miles  
 Difficulty        : 2
Sxyth -7339372 1566567 101627 31470
------------------------------------------------------------------------
  Here is a milkrun for you.  We have a problem with enemy ground
vehicles 25 miles Southwest of here.  Your mission objective is to
destroy all the shopping carts.
------------------------------------------------------------------------






 Mission Code Name : SkyBox
 Direction         : South East
 Distance          : 20 miles  
 Difficulty        : 4
Sxyth -7230538 -1536925 181702 36640
------------------------------------------------------------------------
  There is a fuel storage facility protected by airborne AAA to the
Southwest of here.  Blow up the fuel dumps, the orb is optional.
------------------------------------------------------------------------






------------------------------------------------------------------------
----------------- Welcome to RDU ^international Airport ----------------
------------------------------------------------------------------------

------------------------------------------------------------------------
--------------- Welcome to Crickety Point Landing Strip ----------------
------------------------------------------------------------------------


 Mission Code Name : Killer Bee Mitosis
 Direction         : North North East
 Distance          : 5 miles  
 Difficulty        : 6
------------------------------------------------------------------------
  A lone saucer has been sighted to the Northeast.  Go blast it to
pieces.  You may even be able to see it from the runway.  Take off from
this airstrip and head due north until you see it.
------------------------------------------------------------------------





 Mission Code Name : Breadbox
 Direction         : North 
 Distance          : 25 miles  
 Difficulty        : 5
Sxyth 6323250 -512504 132813 0
------------------------------------------------------------------------
  An alien site to the north takes the form of large box.  Take out
the resource items.
------------------------------------------------------------------------





------------------------------------------------------------------------
------------ Welcome to Sweetly Bending Oak Aircraft Park --------------
------------------------------------------------------------------------


 Mission Code Name : Holland Tunnel
 Direction         : South South West
 Distance          : 13 miles  
 Difficulty        : 4
Sxyth -6782206 4487484 150809 31644
------------------------------------------------------------------------
  A minor fuel dump facility is located to the South.  It may take some
fancy flying to blow the orb.
------------------------------------------------------------------------





 Mission Code Name : Sky Maze
 Direction         : West
 Distance          : 15 miles 
 Difficulty        : 4
Sxyth -4738878 5586561 389219 13006
------------------------------------------------------------------------
  The hopittyhops have created a spy station at 20000 feet in the air
somewhere out to the west.  Climb up and eliminate all the tofu for us.
Be careful up there, your plane will no respond so quickly at high
altitude, but the KLA's will not be affected.
------------------------------------------------------------------------





------------------------------------------------------------------------
-------- Welcome to Easter Island Municipal Air Travel Center ----------
------------------------------------------------------------------------


 Mission Code Name : Attic Stairs
 Direction         : West South West
 Distance          : 17 miles  
 Difficulty        : 3
Sxyth -1183623 6340530 257656 21382
------------------------------------------------------------------------
  A mindbender outpost has been erected in the sky at about 10000 ft to
the West.  Land the plane at the airstrip, and take out the mindbenders
with assassin bombs.  There are two alien guards standing nearby, but
aliens of low stature will jump to their deaths rather than face
combat.
------------------------------------------------------------------------






 Mission Code Name : Shell Breath
 Direction         : North West 
 Distance          : 21 miles  
 Difficulty        : 6
Sxyth 1329486 5141766 409622 14214
------------------------------------------------------------------------
  There is a generator orb to the north west which we believe powers an
underground facility.  The orb is protected by extremely heavy AAA.
Since they can probably rebuild an orb there relatively quickly, your
mission objective is to destroy their investment in AAA batteries.
  There are two forcefields which you may be able to use as cover.
There are also two portals there of an unknown type there which may be
of use to you.
  After the AAA is gone, the orb should make a tasty morsel.  Nothing
like battling topnotch AAA to make one hungry for an undefended target.
------------------------------------------------------------------------






------------------------------------------------------------------------
-------------- Valmart Airstrip and Family Value Center ----------------
------------------------------------------------------------------------


 Mission Code Name : Tube Shooter
 Direction         : West North West
 Distance          : 21 miles  
 Difficulty        : 4
Sxyth 4559154 6233896 224746 17582
------------------------------------------------------------------------
  The aliens have set up a portal to directly over our airstrip which
needs taking out.  None of the weapons on your plane are sufficient to
do the job, but to use our land-based weapons we need to get a fix on
where you pop into existence above the airstrip.
  The portal entrance is at the end of a tunnel of forcefield.  This
tunnel is located at low altitude 21 miles West of here.  Just fly
there, thread the tunnel, and pop out over our airfield here.  Once
we get a fix on the exit side of that portal, the rest will be easy.
------------------------------------------------------------------------






 Mission Code Name : Devil's garage
 Direction         : North
 Distance          : 18 miles  
 Difficulty        : 4
Sxyth 6086187 4652260 149151 0
------------------------------------------------------------------------
  There is a site to the north consisting of a number of indestructible
orbs, and one destructible orb which is protected by open ended box
of forcefields.  Some of the orbs may have pseudo-grav capability.
Go in and take out the orb which is in the rear of the structure.
------------------------------------------------------------------------






