X -7000 100 14 -48 1000 1 2000
Breathless  (easy)
  There isn't really enough
air on this planet to fly properly,
but since the aliens are setting up
here, we must be here also.
  This slip of an atmosphere seems
to affect them as well, since their
progress is very slow...





------------------------------------------------------------------------
----------------- Welcome to RDU ^international Airport ----------------
------------------------------------------------------------------------

 Mission Code Name : Sitting Duck
 Direction         : North
 Distance          : 11 miles  
 Difficulty        : 2

------------------------------------------------------------------------
  Just to the north of here is a lone orb with some tets.  Just run out
there and blow them up.  In this light air, we suggest you use your 
flaps on take off for greater lift.
------------------------------------------------------------------------




 Mission Code Name : Port of Call
 Direction         : North West
 Distance          : 15 miles  
 Difficulty        : 4

Sxyth 76470 -2179753 36906 62404
------------------------------------------------------------------------
  We have the coordinates of the only fuel facility in this theater.
Go out there and blow'em up.  Use the portal for return to satisfy your
secondary objective.
------------------------------------------------------------------------




 Mission Code Name : Operation Bud Nip
 Direction         : South West
 Distance          : 12 miles  
 Difficulty        : 7

Sxyth -1597266 1550440 53079 27556
------------------------------------------------------------------------
  The aliens have concluded that they cannot keep operations going on
this planet due to our relentless attacks.  In response, a fringe group
of aliens has decided to take matters into their own hands.  They are
working on detonating the whole planet into pieces with an anti-matter
bomb.
  Since we have discovered intelligent life under the surface of this
planet, this act would eliminate and entire race of friendlies.  In 
addition to the loss of all our forces here, mankind would surely lose
perhaps our only chance for some allies in this struggle.
  Land your plane on the strip, and hop down there to take out those
lunatic aliens before they destroy us all.
------------------------------------------------------------------------












