X 1000 180 13 -70 8000 0 13000
Tundra (medium)
  Some rather difficult missions, including 
the extraordinary fly by remote control 
mission are in this theater.
  Slightly heavy gravity, and denser
air make this planet a little different
than Earth.

------------------------------------------------------------------------
------------------  Welcome to Henderson Field.  -----------------------
------------------------------------------------------------------------

------------------------------------------------------------------------
--------------- Welcome to Dulles International Airport. ---------------
------------------------------------------------------------------------

------------------------------------------------------------------------
-------------------  Welcome to Bubba's Airstrip.  ---------------------
------------------------------------------------------------------------

------------------------------------------------------------------------
-------------------  Welcome to the Weedsport Airport. -----------------
------------------------------------------------------------------------

------------------------------------------------------------------------
----------------- Welcome to RDU ^international Airport ----------------
------------------------------------------------------------------------

Mission:      Through the hoop
Direction:    North
Distance:     15 mi
Difficulty:   6
------------------------------------------------------------------------
 
  We are attempting to trace the exit point of a portal located to the
north.  Fly through the portal and return to base.  This mission is much
more difficult than it looks due to the 4 indestructible generator orbs.
It appears they may be attractor-types.
  This mission can be seen from the airstrip, so take right off and
fly straight there.

------------------------------------------------------------------------





Mission:      Radio Ace (Mother of all remote control missions)
Direction:    WNW
Distance:     13 mi
Difficulty:   8
Sxyth 212844 1539831 135422 15404
------------------------------------------------------------------------

  One of the largest power generating facilities on the planet is 
located to the west of our position.  Since all these orbs are the new
nigh-invulnerable type, up to now we could do nothing about it.
  Recently, the aliens have placed an airstrip near there with more than
a half-dozen captured planes for evaluation.  Your mission is to fly in
there, land, and then take out all the indestrucible orbs by crashing
the planes into the orbs.
  There is a platform about 1/2 way down the airstrip which would be 
ideal for remote control flying.  You are to proceed to the end of the
airstrip, enter a plane, taxi it to a good starting position, and then
exit it and walk back to the platform.  Then take off in the plane via
remote control (caps lock), and crash it into the orbs, on at a time.

------------------------------------------------------------------------






Mission:      Icarus
Direction:    East
Distance:     13 mi
Difficulty:   3
Sxyth -696493 -1609971 568628 40756
------------------------------------------------------------------------

  Some generator orbs are trying a new defense.  Three of them are 
suspended at 34,000 feet in an attempt to get beyond our flight ceiling.
Use whatever means available to you to get up there and blow those 
suckers up.

------------------------------------------------------------------------






Mission:      The Hot Box
Direction:    North East
Distance:     13 mi
Difficulty:   5
Sxyth 162538 -1671000 142413 48738
------------------------------------------------------------------------

  There is a gathering of enemy forces to the north east of here.  Go
take out all the KLA and AA sites.  Beware of the suspended orbs.

------------------------------------------------------------------------






Mission:      Suspended Insanity
Direction:    West
Distance:     12 mi
Difficulty:   2
Sxyth -1289461 2067056 101379 7369
------------------------------------------------------------------------

  A mindbender is located near a suspended airstrip.  This MB must be
taken out with an assassin bomb planted while on foot.

------------------------------------------------------------------------



Mission:      Saucer Frenzy
Direction:    South
Distance:     9 mi
Difficulty:   6
Sxyth -1714482 672818 129487 39508
------------------------------------------------------------------------

  The saucer sites are producing waves of saucers which are devastating
our airfields.  Take out all the saucers and their sites.  Take out the
high quality site first, or else you may end up in trouble.

------------------------------------------------------------------------





Mission:      Michael get your bush down
Direction:    South East
Distance:     13 mi
Difficulty:   5
Sxyth -2061918 -1421547 192322 31812
------------------------------------------------------------------------

  Some suspended tofu is causing havoc with our communications.  Take
out all the TRFRU, and beware of the indestructible orb. 

------------------------------------------------------------------------





------------------------------------------------------------------------
-------------- Welcome to Crickety Point Landing Strip. ----------------
------------------------------------------------------------------------

------------------------------------------------------------------------
------------ Welcome to Sweetly Bending Oak Aircraft Park. -------------
------------------------------------------------------------------------

------------------------------------------------------------------------
-------- Welcome to Easter Island Municipal Air Travel Center. ---------
------------------------------------------------------------------------

------------------------------------------------------------------------
--- This airport has been recently captured and has no name as yet. ----
------------------------------------------------------------------------

