White Sands Testing Ground
  White Sands is the testing
grounds for the latest aircraft
prototypes.  There are no enemies
in this theater, but there are some
practice targets.
  Since there are no combat aircraft
in this theater, it won't be much fun
for rookies.

Welcome to Henderson Field.

Welcome to Dulles International Airport.

Welcome to Bubba's Airstrip.

Welcome to the Weedsport Airport.

------------------------------------------------------------------------
----------------- Welcome to RDU ^international Airport ----------------
------------------------------------------------------------------------


There are 6 fake generator orbs set up to the north of here.  Recently
there has been an accident when a pilot lost control of a test 
aircraft.  The wreckage lies just off the end of the strip.

Welcome to Crickety Point Landing Strip.

Welcome to Sweetly Bending Oak Aircraft Park.

Welcome to Easter Island Municipal Air Travel Center.

This airport has been recently captured and has no name as yet.

